[18:41:32] ERROR Thread-1 agentar.agent..1: Exception in agent .1: Expected type int, got TypedList
Traceback (most recent call last):
  File "/home/toni/mgr/agentar/src/runtime/agent_runner.py", line 26, in run
    self.instance.initializeAgent()
  File "/home/toni/mgr/agentar/src/runtime/agent_instance/agent_instance.py", line 60, in initializeAgent
    self._executor.execute_stmt(stmt, local_vars)
  File "/home/toni/mgr/agentar/src/runtime/agent_instance/statement_executor.py", line 33, in execute_stmt
    self.handle_assignment(stmt, local_vars, message)
  File "/home/toni/mgr/agentar/src/runtime/agent_instance/statement_executor.py", line 228, in handle_assignment
    self.assign_to_target(stmt.target, value, local_vars, message, stmt._line)
  File "/home/toni/mgr/agentar/src/runtime/agent_instance/statement_executor.py", line 240, in assign_to_target
    self.agent._fields.set((target_name, index_value), value, line, deref)
  File "/home/toni/mgr/agentar/src/runtime/definicion_containers/variable_container.py", line 91, in set
    container._check_type(value)
  File "/home/toni/mgr/agentar/src/core/typed_structures.py", line 40, in _check_type
    raise TypeError(f"Expected type {self.inner_type.__name__}, got {type(item).__name__}")
TypeError: Expected type int, got TypedList
[18:43:35] ERROR Thread-1 agentar.agent..1: Exception in agent .1: ERROR at line 11: Expected type int, got TypedList
Traceback (most recent call last):
  File "/home/toni/mgr/agentar/src/runtime/definicion_containers/variable_container.py", line 92, in set
    container._check_type(value)
  File "/home/toni/mgr/agentar/src/core/typed_structures.py", line 40, in _check_type
    raise TypeError(f"Expected type {self.inner_type.__name__}, got {type(item).__name__}")
TypeError: Expected type int, got TypedList

The above exception was the direct cause of the following exception:

Traceback (most recent call last):
  File "/home/toni/mgr/agentar/src/runtime/agent_runner.py", line 26, in run
    self.instance.initializeAgent()
  File "/home/toni/mgr/agentar/src/runtime/agent_instance/agent_instance.py", line 60, in initializeAgent
    self._executor.execute_stmt(stmt, local_vars)
  File "/home/toni/mgr/agentar/src/runtime/agent_instance/statement_executor.py", line 33, in execute_stmt
    self.handle_assignment(stmt, local_vars, message)
  File "/home/toni/mgr/agentar/src/runtime/agent_instance/statement_executor.py", line 228, in handle_assignment
    self.assign_to_target(stmt.target, value, local_vars, message, stmt._line)
  File "/home/toni/mgr/agentar/src/runtime/agent_instance/statement_executor.py", line 240, in assign_to_target
    self.agent._fields.set((target_name, index_value), value, line, deref)
  File "/home/toni/mgr/agentar/src/runtime/definicion_containers/variable_container.py", line 126, in set
    raise AgentarRuntimeError(e, line) from e
runtime.errors.AgentarRuntimeError: ERROR at line 11: Expected type int, got TypedList
[18:43:50] ERROR Thread-1 agentar.agent..1: Exception in agent .1: ERROR at line 8: ERROR at line 8: Variable 'l' not found.
Traceback (most recent call last):
  File "/home/toni/mgr/agentar/src/runtime/definicion_containers/variable_container.py", line 84, in set
    variable = self._find(name, line)
               ^^^^^^^^^^^^^^^^^^^^^^
  File "/home/toni/mgr/agentar/src/runtime/definicion_containers/variable_container.py", line 147, in _find
    raise VariableNotFoundError(name, line)
runtime.errors.VariableNotFoundError: ERROR at line 8: Variable 'l' not found.

The above exception was the direct cause of the following exception:

Traceback (most recent call last):
  File "/home/toni/mgr/agentar/src/runtime/agent_runner.py", line 26, in run
    self.instance.initializeAgent()
  File "/home/toni/mgr/agentar/src/runtime/agent_instance/agent_instance.py", line 60, in initializeAgent
    self._executor.execute_stmt(stmt, local_vars)
  File "/home/toni/mgr/agentar/src/runtime/agent_instance/statement_executor.py", line 33, in execute_stmt
    self.handle_assignment(stmt, local_vars, message)
  File "/home/toni/mgr/agentar/src/runtime/agent_instance/statement_executor.py", line 228, in handle_assignment
    self.assign_to_target(stmt.target, value, local_vars, message, stmt._line)
  File "/home/toni/mgr/agentar/src/runtime/agent_instance/statement_executor.py", line 240, in assign_to_target
    self.agent._fields.set((target_name, index_value), value, line, deref)
  File "/home/toni/mgr/agentar/src/runtime/definicion_containers/variable_container.py", line 126, in set
    raise AgentarRuntimeError(e, line) from e
runtime.errors.AgentarRuntimeError: ERROR at line 8: ERROR at line 8: Variable 'l' not found.
[18:43:58] ERROR Thread-1 agentar.agent..1: Exception in agent .1: ERROR at line 8: ERROR at line 8: Variable 'l' not found.
Traceback (most recent call last):
  File "/home/toni/mgr/agentar/src/runtime/definicion_containers/variable_container.py", line 84, in set
    variable = self._find(name, line)
               ^^^^^^^^^^^^^^^^^^^^^^
  File "/home/toni/mgr/agentar/src/runtime/definicion_containers/variable_container.py", line 147, in _find
    raise VariableNotFoundError(name, line)
runtime.errors.VariableNotFoundError: ERROR at line 8: Variable 'l' not found.

The above exception was the direct cause of the following exception:

Traceback (most recent call last):
  File "/home/toni/mgr/agentar/src/runtime/agent_runner.py", line 26, in run
    self.instance.initializeAgent()
  File "/home/toni/mgr/agentar/src/runtime/agent_instance/agent_instance.py", line 60, in initializeAgent
    self._executor.execute_stmt(stmt, local_vars)
  File "/home/toni/mgr/agentar/src/runtime/agent_instance/statement_executor.py", line 33, in execute_stmt
    self.handle_assignment(stmt, local_vars, message)
  File "/home/toni/mgr/agentar/src/runtime/agent_instance/statement_executor.py", line 228, in handle_assignment
    self.assign_to_target(stmt.target, value, local_vars, message, stmt._line)
  File "/home/toni/mgr/agentar/src/runtime/agent_instance/statement_executor.py", line 240, in assign_to_target
    self.agent._fields.set((target_name, index_value), value, line, deref)
  File "/home/toni/mgr/agentar/src/runtime/definicion_containers/variable_container.py", line 126, in set
    raise AgentarRuntimeError(e, line) from e
runtime.errors.AgentarRuntimeError: ERROR at line 8: ERROR at line 8: Variable 'l' not found.
[19:55:06] ERROR Thread-1 agentar.agent..1: Exception in agent .1: ERROR at line 9: Unknown type: <class 'bool'>
Traceback (most recent call last):
  File "/home/toni/mgr/agentar/src/runtime/definicion_containers/variable_container.py", line 42, in declare
    reference_type, default_value = resolve_type(var_type)
                                    ^^^^^^^^^^^^^^^^^^^^^^
  File "/home/toni/mgr/agentar/src/core/agentar_types.py", line 98, in resolve_type
    raise TypeError(f"Unknown type: {var_type}")
TypeError: Unknown type: <class 'bool'>

The above exception was the direct cause of the following exception:

Traceback (most recent call last):
  File "/home/toni/mgr/agentar/src/runtime/agent_runner.py", line 29, in run
    self.instance.step()
  File "/home/toni/mgr/agentar/src/runtime/agent_instance/agent_instance.py", line 70, in step
    self._action_executor.check_global_goal()
  File "/home/toni/mgr/agentar/src/runtime/agent_instance/action_executor.py", line 53, in check_global_goal
    sub_goals_results.declare(goal_name, sub_goal_value, bool, condition._line)
  File "/home/toni/mgr/agentar/src/runtime/definicion_containers/variable_container.py", line 62, in declare
    raise AgentarRuntimeError(e, declaration_line) from e
runtime.errors.AgentarRuntimeError: ERROR at line 9: Unknown type: <class 'bool'>
[20:09:51] ERROR Thread-1 agentar.agent..1: Exception in agent .1: 'str' object has no attribute 'create_child_scope'
Traceback (most recent call last):
  File "/home/toni/mgr/agentar/src/runtime/agent_runner.py", line 29, in run
    self.instance.step()
  File "/home/toni/mgr/agentar/src/runtime/agent_instance/agent_instance.py", line 71, in step
    self._action_executor.follow_rules()
  File "/home/toni/mgr/agentar/src/runtime/agent_instance/action_executor.py", line 27, in follow_rules
    self.when_block(rule, "Rules", message=None)
  File "/home/toni/mgr/agentar/src/runtime/agent_instance/action_executor.py", line 34, in when_block
    local_vars = local_vars.create_child_scope("when_block")
                 ^^^^^^^^^^^^^^^^^^^^^^^^^^^^^
AttributeError: 'str' object has no attribute 'create_child_scope'
